******************************************************************************
              TMS320C55x Linker PC v4.3.6                      
******************************************************************************
>> Linked Tue Jun 22 10:35:36 2010

OUTPUT FILE NAME:   <sd.out>
ENTRY POINT SYMBOL: "_c_int00"  address: 00024c1a


MEMORY CONFIGURATION

         name            origin    length      used     unused   attr    fill
                        (bytes)   (bytes)    (bytes)   (bytes)
----------------------  --------  ---------  --------  --------  ----  --------
PAGE 0:
  MMR                   00000000   000000c0  00000000  000000c0  RWIX
  DARAM0                000000c0   0000ff40  00005c2e  0000a312  RWIX
  SARAM0                00010000   00010000  00000000  00010000  RWIX
  SARAM1                00020000   00020000  00004d4f  0001b2b1  RWIX
  SARAM2                00040000   0000fe00  00000328  0000fad8  RWIX
  VECS                  0004fe00   00000200  00000100  00000100  RWIX
  PDROM                 00ff8000   00008000  00000000  00008000  R IX

PAGE 2:
  IOPORT                00000000   00020000  00000000  00020000  RWI 


SECTION ALLOCATION MAP
(Addresses surrounded by []'s are displayed for convenience only!)

output                                                          attributes/
section   page  orgn(bytes) orgn(words) len(bytes) len(words)   input sections
--------  ----  ----------- ----------- ---------- ----------   --------------
.pinit       0   [ 00040000 ]  00020000          *   00000000   UNINITIALIZED

.stack       0   [ 000000c0 ]  00000060          *   00001000   UNINITIALIZED
                 [ 000000c0 ]  00000060          *   00001000   --HOLE--

.data        0   [ 000000c0 ]  00000060          *   00000000   UNINITIALIZED

.sysstack 
*            0   [ 000020c0 ]  00001060          *   00000800   UNINITIALIZED
                 [ 000020c0 ]  00001060          *   00000800   --HOLE--

.sysmem      0   [ 000030c0 ]  00001860          *   00001000   UNINITIALIZED
                 [ 000030c0 ]  00001860          *   00001000   --HOLE--

.bss         0   [ 000050c0 ]  00002860          *   00000400   UNINITIALIZED
                 [ 000050c0 ]  00002860          *   00000180   sd_test.obj (.bss)
                 [ 000053c0 ]  000029e0          *   00000119   rts55x.lib : defs.obj (.bss)
                 [ 000055f2 ]  00002af9          *   000000d0              : trgdrv.obj (.bss)
                 [ 00005792 ]  00002bc9          *   00000001              : fopen.obj (.bss)
                 [ 00005794 ]  00002bca          *   00000071              : lowlev.obj (.bss)
                 [ 00005876 ]  00002c3b          *   00000017   mmcsd_protocol.obj (.bss)
                 [ 000058a4 ]  00002c52          *   00000006   rts55x.lib : memory.obj (.bss)
                 [ 000058b0 ]  00002c58          *   00000004              : _lock.obj (.bss)
                 [ 000058b8 ]  00002c5c          *   00000004              : exit.obj (.bss)

.const.1     0   [ 000058c0 ]  00002c60          *   00000101   
                 [ 000058c0 ]  00002c60          *   00000101   rts55x.lib : ctype.obj (.const:__ctypes_)

.const.2     0   [ 00005ac4 ]  00002d62          *   0000007b   
                 [ 00005ac4 ]  00002d62          *   0000007b   main.obj (.const:.string)

.const.3     0   [ 00005bbc ]  00002dde          *   0000004f   
                 [ 00005bbc ]  00002dde          *   0000004f   sd_test.obj (.const:.string)

.const.4     0   [ 00005c5c ]  00002e2e          *   0000004c   
                 [ 00005c5c ]  00002e2e          *   00000024   rts55x.lib : _printfi.obj (.const:.string)
                 [ 00005ca4 ]  00002e52          *   0000000e   sd_test.obj (.const:_$P$T0$1)
                 [ 00005cc0 ]  00002e60          *   0000000c   rts55x.lib : _printfi.obj (.const)
                 [ 00005cd8 ]  00002e6c          *   00000008              : divd.obj (.const:_initial_approx$1)
                 [ 00005ce8 ]  00002e74          *   00000002              : fputs.obj (.const:.string)
                 [ 00005cec ]  00002e76          *   00000002              : divd.obj (.const)
                 [ 00005cf0 ]  00002e78          *   00000002              : fltlid.obj (.const)

.text        0     00020000  [ 00010000 ] 00004d4f          *   
                   00020000  [ 00010000 ] 00001598          *   rts55x.lib : _printfi.obj (.text)
                   00021598  [ 00010acc ] 000005aa          *   mmcsd_evm.obj (.text)
                   00021b42  [ 00010da1 ] 00000543          *   rts55x.lib : lowlev.obj (.text)
                   00022085  [ 00011042+] 0000053f          *   mmcsd_protocol.obj (.text)
                   000225c4  [ 000112e2 ] 00000528          *   rts55x.lib : trgdrv.obj (.text)
                   00022aec  [ 00011576 ] 000004b5          *              : memory.obj (.text)
                   00022fa1  [ 000117d0+] 0000036c          *              : divd.obj (.text)
                   0002330d  [ 00011986+] 0000027f          *              : fopen.obj (.text)
                   0002358c  [ 00011ac6 ] 0000025e          *              : llmpy.obj (.text)
                   000237ea  [ 00011bf5 ] 00000259          *              : addd.obj (.text)
                   00023a43  [ 00011d21+] 000001ea          *              : cmpd.obj (.text)
                   00023c2d  [ 00011e16+] 00000163          *              : fputs.obj (.text)
                   00023d90  [ 00011ec8 ] 0000014c          *              : mpyd.obj (.text)
                   00023edc  [ 00011f6e ] 0000012e          *   sd_test.obj (.text)
                   0002400a  [ 00012005 ] 000000e6          *   rts55x.lib : setvbuf.obj (.text)
                   000240f0  [ 00012078 ] 000000dd          *              : _io_perm.obj (.text)
                   000241cd  [ 000120e6+] 000000c8          *              : frcmpyd_div.obj (.text)
                   00024295  [ 0001214a+] 000000c2          *              : fflush.obj (.text)
                   00024357  [ 000121ab+] 000000ba          *              : trgmsg.obj (.text:CIO_breakpoint)
                   00024411  [ 00012208+] 000000a6          *              : fputc.obj (.text)
                   000244b7  [ 0001225b+] 000000a1          *              : divul.obj (.text)
                   00024558  [ 000122ac ] 0000008c          *   main.obj (.text)
                   000245e4  [ 000122f2 ] 0000007d          *   rts55x.lib : ltoa.obj (.text)
                   00024661  [ 00012330+] 0000007b          *              : fclose.obj (.text)
                   000246dc  [ 0001236e ] 00000076          *              : frcmpyd.obj (.text)
                   00024752  [ 000123a9 ] 00000072          *              : remul.obj (.text)
                   000247c4  [ 000123e2 ] 0000006f          *              : fixdli.obj (.text)
                   00024833  [ 00012419+] 0000006d          *              : trgmsg.obj (.text)
                   000248a0  [ 00012450 ] 0000006b          *              : fseek.obj (.text)
                   0002490b  [ 00012485+] 00000067          *              : fltlid.obj (.text)
                   00024972  [ 000124b9 ] 0000005c          *              : atoi.obj (.text)
                   000249ce  [ 000124e7 ] 00000054          *   usbstk5515bsl.lib : usbstk5515.obj (.text)
                   00024a22  [ 00012511 ] 00000050          *   rts55x.lib : printf.obj (.text)
                   00024a72  [ 00012539 ] 0000004d          *              : autoinit.obj (.text)
                   00024abf  [ 0001255f+] 0000004b          *              : args_main.obj (.text)
                   00024b0a  [ 00012585 ] 0000004b          *              : remli.obj (.text)
                   00024b55  [ 000125aa+] 00000048          *              : divli.obj (.text)
                   00024b9d  [ 000125ce+] 0000003f          *              : memcpy.obj (.text)
                   00024bdc  [ 000125ee ] 0000003e          *              : exit.obj (.text)
                   00024c1a  [ 0001260d ] 00000034          *              : boot.obj (.text)
                   00024c4e  [ 00012627 ] 0000002a          *              : fixdi.obj (.text)
                   00024c78  [ 0001263c ] 0000002a          *              : udiv.obj (.text)
                   00024ca2  [ 00012651 ] 00000023          *              : memccpy.obj (.text)
                   00024cc5  [ 00012662+] 0000001c          *              : isinf.obj (.text)
                   00024ce1  [ 00012670+] 00000014          *              : subd.obj (.text)
                   00024cf5  [ 0001267a+] 00000013          *              : lmpy.obj (.text)
                   00024d08  [ 00012684 ] 00000012          *              : _lock.obj (.text)
                   00024d1a  [ 0001268d ] 00000011          *              : memset.obj (.text)
                   00024d2b  [ 00012695+] 00000010          *              : negd.obj (.text)
                   00024d3b  [ 0001269d+] 0000000a          *              : remove.obj (.text)
                   00024d45  [ 000126a2+] 00000007          *              : exit.obj (.text:CIO_breakpoint)
                   00024d4c  [ 000126a6 ] 00000002          *              : vectors.obj (.text)
                   00024d4e  [ 000126a7 ] 00000001          *   --HOLE-- [fill = 20]

.cio         0   [ 00040000 ]  00020000          *   00000120   UNINITIALIZED
                 [ 00040000 ]  00020000          *   00000120   rts55x.lib : trgmsg.obj (.cio)

.cinit       0   [ 00040240 ]  00020120          *   00000074   
                 [ 00040240 ]  00020120          *   0000002d   rts55x.lib : lowlev.obj (.cinit)
                 [ 0004029a ]  0002014d          *   0000002a              : defs.obj (.cinit)
                 [ 000402ee ]  00020177          *   0000000a              : _lock.obj (.cinit)
                 [ 00040302 ]  00020181          *   0000000a              : exit.obj (.cinit)
                 [ 00040316 ]  0002018b          *   00000004              : fopen.obj (.cinit)
                 [ 0004031e ]  0002018f          *   00000004              : memory.obj (.cinit)
                 [ 00040326 ]  00020193          *   00000001   --HOLE-- [fill = 0]

vectors      0     0004fe00  [ 00027f00 ] 00000100          *   
                   0004fe00  [ 00027f00 ] 00000100          *   rts55x.lib : vectors.obj (vectors)


GLOBAL SYMBOLS: SORTED ALPHABETICALLY BY Name 

abs. value/
byte addr   word addr   name
---------   ---------   ----
00000002                $TI_capability$C5500$CallingConvention
00000002                $TI_capability$C5500$MemoryModel
00000001                $TI_capability_requires_rev3
ffffffff                .bss
ffffffff                .data
ffffffff                .text
00024d46                C$$EXIT
0002440c                C$$IO$$
00024cf5                I$$LMPY
00024c78                I$$UDIV
00024c8d                I$$UMOD
00022a8e                _HOSTclock
00022a23                _HOSTclose
0002296e                _HOSTlseek
000228cf                _HOSTopen
00022842                _HOSTread
00022794                _HOSTrename
00022736                _HOSTtime
000226cc                _HOSTunlink
0002263f                _HOSTwrite
0002213f                _MMCSD_allSendCID
00022205                _MMCSD_appCmd
00022480                _MMCSD_cardIdentification
000220a3                _MMCSD_checkStatus
00021598                _MMCSD_clearResponse
000216f0                _MMCSD_getCardCID
00021733                _MMCSD_getCardCSD
00021690                _MMCSD_getCardStatus
0002212b                _MMCSD_goIdleState
0002255a                _MMCSD_initCard
00021831                _MMCSD_readNWords
00022184                _MMCSD_selectCard
000221cd                _MMCSD_sendCSD
0002160b                _MMCSD_sendCmd
00022153                _MMCSD_sendStatus
000215ca                _MMCSD_setConfig
00022085                _MMCSD_setDataSize
00022220                _MMCSD_singleBlkRead
000222ef                _MMCSD_singleBlkWrite
00021994                _MMCSD_writeNWords
00022373                _MMC_sendOpCond
0004fe00                _Reset
000223af                _SD_sendOpCond
000223fa                _SD_sendRCA
00022422                _SD_setBusWidth
00024558                _TEST_execute
00024a14                _USBSTK5515_init
000249ce                _USBSTK5515_wait
00024a02                _USBSTK5515_waitusec
            00020000    __CIOBUF_
            00001060    __STACK_END
00002000                __STACK_SIZE
00002000                __SYSMEM_SIZE
00001000                __SYSSTACK_SIZE
ffffffff                ___binit__
ffffffff                ___bss__
ffffffff                ___c_args__
            00020120    ___cinit__
ffffffff                ___data__
ffffffff                ___edata__
ffffffff                ___end__
ffffffff                ___etext__
00024cc5                ___isinf
ffffffff                ___pinit__
ffffffff                ___text__
000237ea                __addd
00024abf                __args_main
0002342e                __cleanup
            00002c5c    __cleanup_ptr
00023bd5                __cmpd
            00002c60    __ctypes_
00022fc3                __divd
00024b55                __divli
000237b5                __divlli
00024c78                __divu
000244b7                __divul
000236c1                __divull
00024295                __doflush
            00002c5e    __dtors_ptr
00023ba1                __eqld
00024c4e                __fixdi
000247c4                __fixdli
0002490b                __fltlid
000246dc                __frcmpyd
000241cd                __frcmpyd_div
            00002af8    __ft_end
            000029e0    __ftable
00023b57                __geqd
00023b0c                __gtrd
00023abf                __leqd
            00002c58    __lock
00023a77                __lssd
00023d90                __mpyd
00024cf5                __mpyli
00023609                __mpylli
00024d2b                __negd
00023a43                __neqd
00024d18                __nop
00021356                __printfi
00024170                __rd_ok
00024d10                __register_lock
00024d08                __register_unlock
00024b0a                __remli
000235da                __remlli
00024c8d                __remu
00024752                __remul
0002358c                __remull
            00000060    __stack
00024ce1                __subd
            00001860    __sys_memory
            00001060    __sysstack
            00002a58    __tmpnams
            00002c5a    __unlock
000240f0                __wrt_ok
00024d45                _abort
00021f95                _add_device
00024972                _atoi
00024a72                _auto_init
00024c1a                _c_int00
00022f7b                _calloc
00022f73                _chkheap
00021f22                _close
00024bdc                _exit
00024661                _fclose
000242fe                _fflush
00021f19                _find_registered_device
00023551                _fopen
00024411                _fputc
00023c2d                _fputs
00022aec                _free
00022f1d                _free_memory
00023488                _freopen
000248a0                _fseek
000225c4                _getenv
            00002860    _id
00021eb3                _lseek
000245e4                _ltoa
000245a9                _main
00022c1d                _malloc
00022ec3                _max_free
00024ca2                _memccpy
00024b9d                _memcpy
00024d1a                _memset
00022bb8                _minit
            00002c46    _mmcsdCSDRegInfo
            00002c3b    _mmcsdResponse
00021df4                _open
00024a22                _printf
00024411                _putc
000244a8                _putchar
00023d62                _puts
00021d46                _read
00024833                _readmsg
00022d12                _realloc
00024d3b                _remove
00021d10                _remove_device
00021cb7                _rename
            00002960    _rx
00023edc                _sd_test
0002400a                _setvbuf
            000028e0    _tx
00021c84                _unlink
00021b42                _write
00024357                _writemsg
ffffffff                binit
            00020120    cinit
ffffffff                edata
ffffffff                end
ffffffff                etext
ffffffff                pinit


GLOBAL SYMBOLS: SORTED BY Symbol Address 

abs. value/
byte addr   word addr   name
---------   ---------   ----
00000001                $TI_capability_requires_rev3
00000002                $TI_capability$C5500$CallingConvention
00000002                $TI_capability$C5500$MemoryModel
            00000060    __stack
00001000                __SYSSTACK_SIZE
00002000                __STACK_SIZE
00002000                __SYSMEM_SIZE
            00001060    __STACK_END
            00001060    __sysstack
            00001860    __sys_memory
            00002860    _id
            000028e0    _tx
            00002960    _rx
            000029e0    __ftable
            00002a58    __tmpnams
            00002af8    __ft_end
            00002c3b    _mmcsdResponse
            00002c46    _mmcsdCSDRegInfo
            00002c58    __lock
            00002c5a    __unlock
            00002c5c    __cleanup_ptr
            00002c5e    __dtors_ptr
            00002c60    __ctypes_
00021356                __printfi
00021598                _MMCSD_clearResponse
000215ca                _MMCSD_setConfig
0002160b                _MMCSD_sendCmd
00021690                _MMCSD_getCardStatus
000216f0                _MMCSD_getCardCID
00021733                _MMCSD_getCardCSD
00021831                _MMCSD_readNWords
00021994                _MMCSD_writeNWords
00021b42                _write
00021c84                _unlink
00021cb7                _rename
00021d10                _remove_device
00021d46                _read
00021df4                _open
00021eb3                _lseek
00021f19                _find_registered_device
00021f22                _close
00021f95                _add_device
00022085                _MMCSD_setDataSize
000220a3                _MMCSD_checkStatus
0002212b                _MMCSD_goIdleState
0002213f                _MMCSD_allSendCID
00022153                _MMCSD_sendStatus
00022184                _MMCSD_selectCard
000221cd                _MMCSD_sendCSD
00022205                _MMCSD_appCmd
00022220                _MMCSD_singleBlkRead
000222ef                _MMCSD_singleBlkWrite
00022373                _MMC_sendOpCond
000223af                _SD_sendOpCond
000223fa                _SD_sendRCA
00022422                _SD_setBusWidth
00022480                _MMCSD_cardIdentification
0002255a                _MMCSD_initCard
000225c4                _getenv
0002263f                _HOSTwrite
000226cc                _HOSTunlink
00022736                _HOSTtime
00022794                _HOSTrename
00022842                _HOSTread
000228cf                _HOSTopen
0002296e                _HOSTlseek
00022a23                _HOSTclose
00022a8e                _HOSTclock
00022aec                _free
00022bb8                _minit
00022c1d                _malloc
00022d12                _realloc
00022ec3                _max_free
00022f1d                _free_memory
00022f73                _chkheap
00022f7b                _calloc
00022fc3                __divd
0002342e                __cleanup
00023488                _freopen
00023551                _fopen
0002358c                __remull
000235da                __remlli
00023609                __mpylli
000236c1                __divull
000237b5                __divlli
000237ea                __addd
00023a43                __neqd
00023a77                __lssd
00023abf                __leqd
00023b0c                __gtrd
00023b57                __geqd
00023ba1                __eqld
00023bd5                __cmpd
00023c2d                _fputs
00023d62                _puts
00023d90                __mpyd
00023edc                _sd_test
0002400a                _setvbuf
000240f0                __wrt_ok
00024170                __rd_ok
000241cd                __frcmpyd_div
00024295                __doflush
000242fe                _fflush
00024357                _writemsg
0002440c                C$$IO$$
00024411                _fputc
00024411                _putc
000244a8                _putchar
000244b7                __divul
00024558                _TEST_execute
000245a9                _main
000245e4                _ltoa
00024661                _fclose
000246dc                __frcmpyd
00024752                __remul
000247c4                __fixdli
00024833                _readmsg
000248a0                _fseek
0002490b                __fltlid
00024972                _atoi
000249ce                _USBSTK5515_wait
00024a02                _USBSTK5515_waitusec
00024a14                _USBSTK5515_init
00024a22                _printf
00024a72                _auto_init
00024abf                __args_main
00024b0a                __remli
00024b55                __divli
00024b9d                _memcpy
00024bdc                _exit
00024c1a                _c_int00
00024c4e                __fixdi
00024c78                I$$UDIV
00024c78                __divu
00024c8d                I$$UMOD
00024c8d                __remu
00024ca2                _memccpy
00024cc5                ___isinf
00024ce1                __subd
00024cf5                I$$LMPY
00024cf5                __mpyli
00024d08                __register_unlock
00024d10                __register_lock
00024d18                __nop
00024d1a                _memset
00024d2b                __negd
00024d3b                _remove
00024d45                _abort
00024d46                C$$EXIT
            00020000    __CIOBUF_
            00020120    ___cinit__
            00020120    cinit
0004fe00                _Reset
ffffffff                .bss
ffffffff                .data
ffffffff                .text
ffffffff                ___binit__
ffffffff                ___bss__
ffffffff                ___c_args__
ffffffff                ___data__
ffffffff                ___edata__
ffffffff                ___end__
ffffffff                ___etext__
ffffffff                ___pinit__
ffffffff                ___text__
ffffffff                binit
ffffffff                edata
ffffffff                end
ffffffff                etext
ffffffff                pinit

[170 symbols]
