******************************************************************************
              TMS320C55x Linker PC v4.4.0                      
******************************************************************************
>> Linked Mon Jan 09 15:59:16 2012

OUTPUT FILE NAME:   <452_Support.out>
ENTRY POINT SYMBOL: "_c_int00"  address: 00024b15


MEMORY CONFIGURATION

         name            origin    length      used     unused   attr    fill
                        (bytes)   (bytes)    (bytes)   (bytes)
----------------------  --------  ---------  --------  --------  ----  --------
PAGE 0:
  MMR                   00000000   000000c0  00000000  000000c0  RWIX
  DARAM0                000000c0   0000ff40  00005970  0000a5d0  RWIX
  SARAM0                00010000   00010000  00000000  00010000  RWIX
  SARAM1                00020000   00020000  00004c4a  0001b3b6  RWIX
  SARAM2                00040000   0000fe00  0000034a  0000fab6  RWIX
  VECS                  0004fe00   00000200  00000100  00000100  RWIX
  PDROM                 00ff8000   00008000  00000000  00008000  R IX

PAGE 2:
  IOPORT                00000000   00020000  00000000  00020000  RWI 


SECTION ALLOCATION MAP
(Addresses surrounded by []'s are displayed for convenience only!)

output                                                          attributes/
section   page  orgn(bytes) orgn(words) len(bytes) len(words)   input sections
--------  ----  ----------- ----------- ---------- ----------   --------------
.pinit       0   [ 00040000 ]  00020000          *   00000000   UNINITIALIZED

.stack       0   [ 000000c0 ]  00000060          *   00001000   UNINITIALIZED
                 [ 000000c0 ]  00000060          *   00001000   --HOLE--

.data        0   [ 000000c0 ]  00000060          *   00000000   UNINITIALIZED

.sysstack 
*            0   [ 000020c0 ]  00001060          *   00000800   UNINITIALIZED
                 [ 000020c0 ]  00001060          *   00000800   --HOLE--

.sysmem      0   [ 000030c0 ]  00001860          *   00001000   UNINITIALIZED
                 [ 000030c0 ]  00001860          *   00001000   --HOLE--

.bss.1       0   [ 000050c0 ]  00002860          *   0000035b   UNINITIALIZED
                 [ 000050c0 ]  00002860          *   00000119   rts55x.lib : defs.obj (.bss)
                 [ 000052f2 ]  00002979          *   00000100   LCD_FCN.obj (.bss)
                 [ 000054f2 ]  00002a79          *   000000d0   rts55x.lib : trgdrv.obj (.bss)
                 [ 00005692 ]  00002b49          *   00000001              : fopen.obj (.bss)
                 [ 00005694 ]  00002b4a          *   00000071              : lowlev.obj (.bss)

.bss.2       0   [ 00005778 ]  00002bbc          *   00000011   UNINITIALIZED
                 [ 00005778 ]  00002bbc          *   00000006   rts55x.lib : memory.obj (.bss)
                 [ 00005784 ]  00002bc2          *   00000004              : _lock.obj (.bss)
                 [ 0000578c ]  00002bc6          *   00000004              : exit.obj (.bss)
                 [ 00005794 ]  00002bca          *   00000003   sar.obj (.bss)

.bss.3       0   [ 0000579c ]  00002bce          *   00000002   UNINITIALIZED
                 [ 0000579c ]  00002bce          *   00000002   usbstk5515_i2c.obj (.bss)

.const.1     0   [ 000057a0 ]  00002bd0          *   00000101   
                 [ 000057a0 ]  00002bd0          *   00000101   rts55x.lib : ctype.obj (.const:__ctypes_)

.const.2     0   [ 000059a4 ]  00002cd2          *   00000031   
                 [ 000059a4 ]  00002cd2          *   00000024   rts55x.lib : _printfi.obj (.const:.string)
                 [ 000059ec ]  00002cf6          *   0000000d   main.obj (.const:.string)

.const.3     0   [ 00005a08 ]  00002d04          *   00000018   
                 [ 00005a08 ]  00002d04          *   0000000c   rts55x.lib : _printfi.obj (.const)
                 [ 00005a20 ]  00002d10          *   00000008              : divd.obj (.const:_initial_approx$1)
                 [ 00005a30 ]  00002d18          *   00000002              : fputs.obj (.const:.string)
                 [ 00005a34 ]  00002d1a          *   00000002              : fltlid.obj (.const)

.text        0     00020000  [ 00010000 ] 00004c4a          *   
                   00020000  [ 00010000 ] 000015a4          *   rts55x.lib : _printfi.obj (.text)
                   000215a4  [ 00010ad2 ] 00000543          *              : lowlev.obj (.text)
                   00021ae7  [ 00010d73+] 00000528          *              : trgdrv.obj (.text)
                   0002200f  [ 00011007+] 000004b5          *              : memory.obj (.text)
                   000224c4  [ 00011262 ] 000003cc          *              : divd.obj (.text)
                   00022890  [ 00011448 ] 000002c9          *   LCD_FCN.obj (.text)
                   00022b59  [ 000115ac+] 0000027f          *   rts55x.lib : fopen.obj (.text)
                   00022dd8  [ 000116ec ] 0000025e          *              : llmpy.obj (.text)
                   00023036  [ 0001181b ] 00000259          *              : addd.obj (.text)
                   0002328f  [ 00011947+] 00000230          *   sar.obj (.text)
                   000234bf  [ 00011a5f+] 00000223          *   AIC_func.obj (.text)
                   000236e2  [ 00011b71 ] 000001ea          *   rts55x.lib : cmpd.obj (.text)
                   000238cc  [ 00011c66 ] 000001c9          *   usbstk5515_led.obj (.text)
                   00023a95  [ 00011d4a+] 00000163          *   rts55x.lib : fputs.obj (.text)
                   00023bf8  [ 00011dfc ] 00000156          *   usbstk5515_gpio.obj (.text)
                   00023d4e  [ 00011ea7 ] 0000014c          *   rts55x.lib : mpyd.obj (.text)
                   00023e9a  [ 00011f4d ] 0000014c          *   usbstk5515_i2c.obj (.text)
                   00023fe6  [ 00011ff3 ] 000000e6          *   rts55x.lib : setvbuf.obj (.text)
                   000240cc  [ 00012066 ] 000000dd          *              : _io_perm.obj (.text)
                   000241a9  [ 000120d4+] 000000c2          *              : fflush.obj (.text)
                   0002426b  [ 00012135+] 000000ba          *              : trgmsg.obj (.text:CIO_breakpoint)
                   00024325  [ 00012192+] 000000a6          *              : fputc.obj (.text)
                   000243cb  [ 000121e5+] 000000a1          *              : divul.obj (.text)
                   0002446c  [ 00012236 ] 0000007d          *              : ltoa.obj (.text)
                   000244e9  [ 00012274+] 0000007b          *              : fclose.obj (.text)
                   00024564  [ 000122b2 ] 00000076          *              : frcmpyd.obj (.text)
                   000245da  [ 000122ed ] 00000073          *              : frcmpyd_div.obj (.text)
                   0002464d  [ 00012326+] 00000072          *              : remul.obj (.text)
                   000246bf  [ 0001235f+] 0000006f          *              : fixdli.obj (.text)
                   0002472e  [ 00012397 ] 0000006d          *              : trgmsg.obj (.text)
                   0002479b  [ 000123cd+] 0000006b          *              : fseek.obj (.text)
                   00024806  [ 00012403 ] 00000067          *              : fltlid.obj (.text)
                   0002486d  [ 00012436+] 0000005c          *              : atoi.obj (.text)
                   000248c9  [ 00012464+] 00000054          *   usbstk5515.obj (.text)
                   0002491d  [ 0001248e+] 00000050          *   rts55x.lib : printf.obj (.text)
                   0002496d  [ 000124b6+] 0000004d          *              : autoinit.obj (.text)
                   000249ba  [ 000124dd ] 0000004b          *              : args_main.obj (.text)
                   00024a05  [ 00012502+] 0000004b          *              : remli.obj (.text)
                   00024a50  [ 00012528 ] 00000048          *              : divli.obj (.text)
                   00024a98  [ 0001254c ] 0000003f          *              : memcpy.obj (.text)
                   00024ad7  [ 0001256b+] 0000003e          *              : exit.obj (.text)
                   00024b15  [ 0001258a+] 00000034          *              : boot.obj (.text)
                   00024b49  [ 000125a4+] 0000002a          *              : fixdi.obj (.text)
                   00024b73  [ 000125b9+] 0000002a          *              : udiv.obj (.text)
                   00024b9d  [ 000125ce+] 00000023          *              : memccpy.obj (.text)
                   00024bc0  [ 000125e0 ] 0000001a          *              : isinf.obj (.text)
                   00024bda  [ 000125ed ] 00000014          *              : subd.obj (.text)
                   00024bee  [ 000125f7 ] 00000013          *   main.obj (.text)
                   00024c01  [ 00012600+] 00000013          *   rts55x.lib : lmpy.obj (.text)
                   00024c14  [ 0001260a ] 00000012          *              : _lock.obj (.text)
                   00024c26  [ 00012613 ] 00000010          *              : negd.obj (.text)
                   00024c36  [ 0001261b ] 0000000a          *              : remove.obj (.text)
                   00024c40  [ 00012620 ] 00000007          *              : exit.obj (.text:CIO_breakpoint)
                   00024c47  [ 00012623+] 00000002          *              : vectors.obj (.text)
                   00024c49  [ 00012624 ] 00000001          *   --HOLE-- [fill = 20]

.cio         0   [ 00040000 ]  00020000          *   00000120   UNINITIALIZED
                 [ 00040000 ]  00020000          *   00000120   rts55x.lib : trgmsg.obj (.cio)

.cinit       0   [ 00040240 ]  00020120          *   00000085   
                 [ 00040240 ]  00020120          *   0000002d   rts55x.lib : lowlev.obj (.cinit)
                 [ 0004029a ]  0002014d          *   0000002a              : defs.obj (.cinit)
                 [ 000402ee ]  00020177          *   0000000c   sar.obj (.cinit)
                 [ 00040306 ]  00020183          *   0000000a   rts55x.lib : _lock.obj (.cinit)
                 [ 0004031a ]  0002018d          *   0000000a              : exit.obj (.cinit)
                 [ 0004032e ]  00020197          *   00000005   usbstk5515_i2c.obj (.cinit)
                 [ 00040338 ]  0002019c          *   00000004   rts55x.lib : fopen.obj (.cinit)
                 [ 00040340 ]  000201a0          *   00000004              : memory.obj (.cinit)
                 [ 00040348 ]  000201a4          *   00000001   --HOLE-- [fill = 0]

vectors      0     0004fe00  [ 00027f00 ] 00000100          *   
                   0004fe00  [ 00027f00 ] 00000100          *   rts55x.lib : vectors.obj (vectors)


GLOBAL SYMBOLS: SORTED ALPHABETICALLY BY Name 

abs. value/
byte addr   word addr   name
---------   ---------   ----
00000002                $TI_capability$C5500$CallingConvention
00000002                $TI_capability$C5500$MemoryModel
00000001                $TI_capability_requires_rev3
ffffffff                .bss
ffffffff                .data
ffffffff                .text
00024c41                C$$EXIT
00024320                C$$IO$$
00024c01                I$$LMPY
00024b73                I$$UDIV
00024b88                I$$UMOD
000234bf                _AIC3204_rset
000234e1                _AIC_init
000236db                _AIC_off
00023683                _AIC_read2
000236b6                _AIC_write2
            000029f9    _BOTTOM
00023421                _Get_Key_Human
00023318                _Get_Sar_Key
00021fb1                _HOSTclock
00021f46                _HOSTclose
00021e91                _HOSTlseek
00021df2                _HOSTopen
00021d65                _HOSTread
00021cb7                _HOSTrename
00021c59                _HOSTtime
00021bef                _HOSTunlink
00021b62                _HOSTwrite
0002328f                _Init_SAR
000229f1                _LCD_Display
000228f3                _LCD_init
000228b0                _OSD9616_multiSend
00022890                _OSD9616_send
000232a7                _Read_GPAIN1
0004fe00                _Reset
            00002979    _TOP
00023cf6                _USBSTK5515_GPIO_getInput
00023bf8                _USBSTK5515_GPIO_init
00023bfc                _USBSTK5515_GPIO_setDirection
00023c79                _USBSTK5515_GPIO_setOutput
00023eb9                _USBSTK5515_I2C_close
00023e9a                _USBSTK5515_I2C_init
00023f5f                _USBSTK5515_I2C_read
00023ec2                _USBSTK5515_I2C_reset
00023ed0                _USBSTK5515_I2C_write
000238cc                _USBSTK5515_LED_init
000238e8                _USBSTK5515_LED_off
000238d7                _USBSTK5515_LED_on
00023928                _USBSTK5515_ULED_getall
000238f9                _USBSTK5515_ULED_init
00023a1d                _USBSTK5515_ULED_off
000239e8                _USBSTK5515_ULED_on
0002397a                _USBSTK5515_ULED_setall
00023a50                _USBSTK5515_ULED_toggle
0002490f                _USBSTK5515_init
000248c9                _USBSTK5515_wait
000248fd                _USBSTK5515_waitusec
            00020000    __CIOBUF_
            00001060    __STACK_END
00002000                __STACK_SIZE
00002000                __SYSMEM_SIZE
00001000                __SYSSTACK_SIZE
00000001                __TI_args_main
ffffffff                ___binit__
ffffffff                ___bss__
ffffffff                ___c_args__
            00020120    ___cinit__
ffffffff                ___data__
ffffffff                ___edata__
ffffffff                ___end__
ffffffff                ___etext__
00024bc0                ___isinf
ffffffff                ___pinit__
ffffffff                ___text__
00023036                __addd
000249ba                __args_main
00022c7a                __cleanup
            00002bc6    __cleanup_ptr
00023874                __cmpd
            00002bd0    __ctypes_
000224c4                __divd
00024a50                __divli
00023001                __divlli
00024b73                __divu
000243cb                __divul
00022f0d                __divull
000241a9                __doflush
            00002bc8    __dtors_ptr
00023840                __eqld
00024b49                __fixdi
000246bf                __fixdli
00024806                __fltlid
00024564                __frcmpyd
000245da                __frcmpyd_div
            00002978    __ft_end
            00002860    __ftable
000237f6                __geqd
000237ab                __gtrd
0002375e                __leqd
            00002bc2    __lock
00023716                __lssd
00023d4e                __mpyd
00024c01                __mpyli
00022e55                __mpylli
00024c26                __negd
000236e2                __neqd
00024c24                __nop
00021362                __printfi
0002414c                __rd_ok
00024c1c                __register_lock
00024c14                __register_unlock
00024a05                __remli
00022e26                __remlli
00024b88                __remu
0002464d                __remul
00022dd8                __remull
            00000060    __stack
00024bda                __subd
            00001860    __sys_memory
            00001060    __sysstack
            000028d8    __tmpnams
            00002bc4    __unlock
000240cc                __wrt_ok
00024c40                _abort
000219f7                _add_device
0002486d                _atoi
0002496d                _auto_init
00024b15                _c_int00
0002249e                _calloc
00022496                _chkheap
00021984                _close
00024ad7                _exit
000244e9                _fclose
00024212                _fflush
0002197b                _find_registered_device
00022d9d                _fopen
00024325                _fputc
00023a95                _fputs
0002200f                _free
00022440                _free_memory
00022cd4                _freopen
0002479b                _fseek
00021ae7                _getenv
            00002bce    _i2c_timeout
            00002bcb    _keyCnt1
            00002bcc    _keyCnt2
00021915                _lseek
0002446c                _ltoa
00024bee                _main
00022140                _malloc
000223e6                _max_free
00024b9d                _memccpy
00024a98                _memcpy
000220db                _minit
00021856                _open
            00002bca    _preKey
0002491d                _printf
00024325                _putc
000243bc                _putchar
00023bca                _puts
000217a8                _read
0002472e                _readmsg
00022235                _realloc
00024c36                _remove
00021772                _remove_device
00021719                _rename
00023fe6                _setvbuf
000216e6                _unlink
000215a4                _write
0002426b                _writemsg
ffffffff                binit
            00020120    cinit
ffffffff                edata
ffffffff                end
ffffffff                etext
ffffffff                pinit


GLOBAL SYMBOLS: SORTED BY Symbol Address 

abs. value/
byte addr   word addr   name
---------   ---------   ----
00000001                $TI_capability_requires_rev3
00000001                __TI_args_main
00000002                $TI_capability$C5500$CallingConvention
00000002                $TI_capability$C5500$MemoryModel
            00000060    __stack
00001000                __SYSSTACK_SIZE
00002000                __STACK_SIZE
00002000                __SYSMEM_SIZE
            00001060    __STACK_END
            00001060    __sysstack
            00001860    __sys_memory
            00002860    __ftable
            000028d8    __tmpnams
            00002978    __ft_end
            00002979    _TOP
            000029f9    _BOTTOM
            00002bc2    __lock
            00002bc4    __unlock
            00002bc6    __cleanup_ptr
            00002bc8    __dtors_ptr
            00002bca    _preKey
            00002bcb    _keyCnt1
            00002bcc    _keyCnt2
            00002bce    _i2c_timeout
            00002bd0    __ctypes_
00021362                __printfi
000215a4                _write
000216e6                _unlink
00021719                _rename
00021772                _remove_device
000217a8                _read
00021856                _open
00021915                _lseek
0002197b                _find_registered_device
00021984                _close
000219f7                _add_device
00021ae7                _getenv
00021b62                _HOSTwrite
00021bef                _HOSTunlink
00021c59                _HOSTtime
00021cb7                _HOSTrename
00021d65                _HOSTread
00021df2                _HOSTopen
00021e91                _HOSTlseek
00021f46                _HOSTclose
00021fb1                _HOSTclock
0002200f                _free
000220db                _minit
00022140                _malloc
00022235                _realloc
000223e6                _max_free
00022440                _free_memory
00022496                _chkheap
0002249e                _calloc
000224c4                __divd
00022890                _OSD9616_send
000228b0                _OSD9616_multiSend
000228f3                _LCD_init
000229f1                _LCD_Display
00022c7a                __cleanup
00022cd4                _freopen
00022d9d                _fopen
00022dd8                __remull
00022e26                __remlli
00022e55                __mpylli
00022f0d                __divull
00023001                __divlli
00023036                __addd
0002328f                _Init_SAR
000232a7                _Read_GPAIN1
00023318                _Get_Sar_Key
00023421                _Get_Key_Human
000234bf                _AIC3204_rset
000234e1                _AIC_init
00023683                _AIC_read2
000236b6                _AIC_write2
000236db                _AIC_off
000236e2                __neqd
00023716                __lssd
0002375e                __leqd
000237ab                __gtrd
000237f6                __geqd
00023840                __eqld
00023874                __cmpd
000238cc                _USBSTK5515_LED_init
000238d7                _USBSTK5515_LED_on
000238e8                _USBSTK5515_LED_off
000238f9                _USBSTK5515_ULED_init
00023928                _USBSTK5515_ULED_getall
0002397a                _USBSTK5515_ULED_setall
000239e8                _USBSTK5515_ULED_on
00023a1d                _USBSTK5515_ULED_off
00023a50                _USBSTK5515_ULED_toggle
00023a95                _fputs
00023bca                _puts
00023bf8                _USBSTK5515_GPIO_init
00023bfc                _USBSTK5515_GPIO_setDirection
00023c79                _USBSTK5515_GPIO_setOutput
00023cf6                _USBSTK5515_GPIO_getInput
00023d4e                __mpyd
00023e9a                _USBSTK5515_I2C_init
00023eb9                _USBSTK5515_I2C_close
00023ec2                _USBSTK5515_I2C_reset
00023ed0                _USBSTK5515_I2C_write
00023f5f                _USBSTK5515_I2C_read
00023fe6                _setvbuf
000240cc                __wrt_ok
0002414c                __rd_ok
000241a9                __doflush
00024212                _fflush
0002426b                _writemsg
00024320                C$$IO$$
00024325                _fputc
00024325                _putc
000243bc                _putchar
000243cb                __divul
0002446c                _ltoa
000244e9                _fclose
00024564                __frcmpyd
000245da                __frcmpyd_div
0002464d                __remul
000246bf                __fixdli
0002472e                _readmsg
0002479b                _fseek
00024806                __fltlid
0002486d                _atoi
000248c9                _USBSTK5515_wait
000248fd                _USBSTK5515_waitusec
0002490f                _USBSTK5515_init
0002491d                _printf
0002496d                _auto_init
000249ba                __args_main
00024a05                __remli
00024a50                __divli
00024a98                _memcpy
00024ad7                _exit
00024b15                _c_int00
00024b49                __fixdi
00024b73                I$$UDIV
00024b73                __divu
00024b88                I$$UMOD
00024b88                __remu
00024b9d                _memccpy
00024bc0                ___isinf
00024bda                __subd
00024bee                _main
00024c01                I$$LMPY
00024c01                __mpyli
00024c14                __register_unlock
00024c1c                __register_lock
00024c24                __nop
00024c26                __negd
00024c36                _remove
00024c40                _abort
00024c41                C$$EXIT
            00020000    __CIOBUF_
            00020120    ___cinit__
            00020120    cinit
0004fe00                _Reset
ffffffff                .bss
ffffffff                .data
ffffffff                .text
ffffffff                ___binit__
ffffffff                ___bss__
ffffffff                ___c_args__
ffffffff                ___data__
ffffffff                ___edata__
ffffffff                ___end__
ffffffff                ___etext__
ffffffff                ___pinit__
ffffffff                ___text__
ffffffff                binit
ffffffff                edata
ffffffff                end
ffffffff                etext
ffffffff                pinit

[176 symbols]
